../Core/Src/lcd.c:13:6:Delay	16	static
../Core/Src/lcd.c:15:6:LCD_INIT	16	static
../Core/Src/lcd.c:25:6:LCD_Rst	8	static
../Core/Src/lcd.c:34:6:LCD_BackLed_Control	16	static
../Core/Src/lcd.c:45:6:LCD_Write_Cmd	16	static
../Core/Src/lcd.c:53:6:LCD_Write_Data	16	static
../Core/Src/lcd.c:61:10:LCD_Read_Data	4	static
../Core/Src/lcd.c:67:6:LCD_REG_Config	8	static
../Core/Src/lcd.c:226:6:LCD_OpenWindow	24	static
../Core/Src/lcd.c:243:6:LCD_FillColor	24	static
../Core/Src/lcd.c:259:6:LCD_Clear	24	static
../Core/Src/lcd.c:269:10:LCD_Read_PixelData	16	static
../Core/Src/lcd.c:289:10:LCD_GetPointPixel	24	static
../Core/Src/lcd.c:303:6:LCD_DrawLine	64	static
../Core/Src/lcd.c:375:6:LCD_DrawChar	24	static
../Core/Src/lcd.c:409:6:LCD_DrawString	16	static
../Core/Src/lcd.c:437:6:LCD_DrawDot	16	static
../Core/Src/lcd.c:445:6:LCD_DrawCircle	40	static
../Core/Src/lcd.c:457:6:LCD_Cam_Gram	8	static
../Core/Src/lcd.c:485:6:LCD_Draw_Num	24	static
../Core/Src/lcd.c:514:6:LCD_Draw_24sqr	24	static
../Core/Src/lcd.c:543:6:LCD_DrawChar_Color	32	static
../Core/Src/lcd.c:573:6:LCD_DrawString_Color	40	static
../Core/Src/lcd.c:599:6:LCD_DrawCross	24	static
../Core/Src/lcd.c:606:6:LCD_GramScan	16	static
