../Core/Inc/dht11.h:9:6:delay	16	static
../Core/Inc/dht11.h:14:6:Set_Pin_Output	32	static
../Core/Inc/dht11.h:22:6:Set_Pin_Input	32	static
../Core/Inc/dht11.h:30:6:DHT11_Start	8	static
../Core/Inc/dht11.h:41:9:Check_Response	16	static
../Core/Inc/dht11.h:58:9:DHT11_Read	16	static
../Core/Src/main.c:91:5:main	392	static
../Core/Src/main.c:275:6:SystemClock_Config	96	static
../Core/Src/main.c:324:13:MX_ADC1_Init	24	static
../Core/Src/main.c:371:13:MX_ADC2_Init	24	static
../Core/Src/main.c:418:13:MX_RTC_Init	24	static
../Core/Src/main.c:493:13:MX_TIM6_Init	16	static
../Core/Src/main.c:531:13:MX_GPIO_Init	48	static
../Core/Src/main.c:647:13:MX_FSMC_Init	40	static
../Core/Src/main.c:711:6:Error_Handler	4	static
