../Core/Inc/dht11.h:9:6:delay	16	static
../Core/Inc/dht11.h:16:6:Set_Pin_Output	32	static
../Core/Inc/dht11.h:24:6:Set_Pin_Input	32	static
../Core/Inc/dht11.h:32:6:DHT11_Start	8	static
../Core/Inc/dht11.h:43:9:Check_Response	16	static
../Core/Inc/dht11.h:61:9:DHT11_Read	16	static
../Core/Src/main.c:94:5:main	216	static
../Core/Src/main.c:264:6:SystemClock_Config	96	static
../Core/Src/main.c:311:13:MX_ADC1_Init	24	static
../Core/Src/main.c:358:13:MX_TIM6_Init	16	static
../Core/Src/main.c:396:13:MX_GPIO_Init	48	static
../Core/Src/main.c:487:13:MX_FSMC_Init	40	static
../Core/Src/main.c:551:6:Error_Handler	4	static
