../Core/Src/stm32f1xx_hal_msp.c:64:6:HAL_MspInit	24	static
../Core/Src/stm32f1xx_hal_msp.c:90:6:HAL_ADC_MspInit	48	static
../Core/Src/stm32f1xx_hal_msp.c:142:6:HAL_ADC_MspDeInit	16	static
../Core/Src/stm32f1xx_hal_msp.c:187:6:HAL_RTC_MspInit	24	static
../Core/Src/stm32f1xx_hal_msp.c:212:6:HAL_RTC_MspDeInit	16	static
../Core/Src/stm32f1xx_hal_msp.c:234:6:HAL_TIM_Base_MspInit	24	static
../Core/Src/stm32f1xx_hal_msp.c:256:6:HAL_TIM_Base_MspDeInit	16	static
../Core/Src/stm32f1xx_hal_msp.c:274:13:HAL_FSMC_MspInit	32	static
../Core/Src/stm32f1xx_hal_msp.c:328:6:HAL_SRAM_MspInit	16	static
../Core/Src/stm32f1xx_hal_msp.c:340:13:HAL_FSMC_MspDeInit	8	static
../Core/Src/stm32f1xx_hal_msp.c:386:6:HAL_SRAM_MspDeInit	16	static
